
> campus-app@0.1.0 build
> next build

node.exe :  笞 Warnin
g: Next.js inferred y
our workspace root, b
ut it may not be corr
ect.
発生場所 C:\Program Files
\nodejs\npm.ps1:29 文字
:3
+   & $NODE_EXE $NPM_
CLI_JS $args
+   ~~~~~~~~~~~~~~~~~
~~~~~~~~~~~~
    + CategoryInfo   
           : NotSpe  
  cified: ( 笞 War   
 ning: Ne...not b    
e correct.:Strin    g
) [], RemoteExc    ep
tion
    + FullyQualified 
   ErrorId : Native  
  CommandError
 
 We detected multiple
 lockfiles and select
ed the directory of C
:\Users\ryoda\package
-lock.json as the roo
t directory.
 To silence this warn
ing, set `turbopack.r
oot` in your Next.js 
config, or consider r
emoving one of the lo
ckfiles if it's not n
eeded.
   See https://nextjs
.org/docs/app/api-ref
erence/config/next-co
nfig-js/turbopack#roo
t-directory for more 
information.
 Detected additional 
lockfiles: 
   * C:\Users\ryoda\O
neDrive\繝・せ繧ｯ繝医ャ繝予cam
pus-app\package-lock.
json

   笆ｲ Next.js 16.0.7 (Turbopack)

   Creating an optimized production build ...
Error: Cannot apply u
nknown utility class 
`border-border`. Are 
you using CSS modules
 or similar and missi
ng `@reference`? http
s://tailwindcss.com/d
ocs/functions-and-dir
ectives#reference-dir
ective
    [2m[at onInvalid
Candidate (C:\Users\r
yoda\OneDrive\繝・せ繧ｯ繝医
ャ繝予campus-app\node_mo
dules\tailwindcss\dis
t\lib.js:21:1314)][0
m
    [2m[at Te (C:\Us
ers\ryoda\OneDrive\繝・
せ繧ｯ繝医ャ繝予campus-app\no
de_modules\tailwindcs
s\dist\lib.js:16:3636
4)][0m
    [2m[at C:\Users\
ryoda\OneDrive\繝・せ繧ｯ繝
医ャ繝予campus-app\node_m
odules\tailwindcss\di
st\lib.js:21:355][0m
    [2m[at Tr (C:\Us
ers\ryoda\OneDrive\繝・
せ繧ｯ繝医ャ繝予campus-app\no
de_modules\tailwindcs
s\dist\lib.js:3:1718)
][0m
    [2m[at _ (C:\Use
rs\ryoda\OneDrive\繝・せ
繧ｯ繝医ャ繝予campus-app\nod
e_modules\tailwindcss
\dist\lib.js:3:1377)]
[0m
    [2m[at Se (C:\Us
ers\ryoda\OneDrive\繝・
せ繧ｯ繝医ャ繝予campus-app\no
de_modules\tailwindcs
s\dist\lib.js:21:172)
][0m
    [2m[at ln (C:\Us
ers\ryoda\OneDrive\繝・
せ繧ｯ繝医ャ繝予campus-app\no
de_modules\tailwindcs
s\dist\lib.js:38:294)
][0m
    [2m[at process.p
rocessTicksAndRejecti
ons (node:internal/pr
ocess/task_queues:105
:5)][0m
    [2m[at async sn 
(C:\Users\ryoda\OneDr
ive\繝・せ繧ｯ繝医ャ繝予campus-
app\node_modules\tail
windcss\dist\lib.js:3
8:631)][0m
    [2m[at async Qr 
(C:\Users\ryoda\OneDr
ive\繝・せ繧ｯ繝医ャ繝予campus-
app\node_modules\@tai
lwindcss\node\dist\in
dex.js:10:3385)][0m

thread 'tokio-runtime
-worker' (34844) pani
cked at turbopack\cra
tes\turbopack-core\sr
c\ident.rs:352:34:
byte index 20 is not 
a char boundary; it i
s inside '繝・ (bytes 1
8..21) of `OneDrive_繝
・せ繧ｯ繝医ャ繝誉campus-app__
next-internal_server_
app__global-error_pag
e_actions_d56e7a95`
note: run with `RUST_
BACKTRACE=1` environm
ent variable to displ
ay a backtrace

thread 'tokio-runtime
-worker' (36904) pani
cked at turbopack\cra
tes\turbopack-core\sr
c\ident.rs:352:34:
byte index 17 is not 
a char boundary; it i
s inside '繧ｯ' (bytes 
15..18) of `OneDrive_
繝・せ繧ｯ繝医ャ繝誉campus-app_
_next-internal_server
_app__not-found_page_
actions_517f2dbf`

thread 'tokio-runtime
-worker' (36092) pani
cked at turbopack\cra
tes\turbopack-core\sr
c\ident.rs:352:34:
byte index 20 is not 
a char boundary; it i
s inside '繝・ (bytes 1
8..21) of `OneDrive_繝
・せ繧ｯ繝医ャ繝誉campus-app__
next-internal_server_
app_(app)_dm_[id]_pag
e_actions_454d0c1f`

thread 'tokio-runtime
-worker' (15812) pani
cked at turbopack\cra
tes\turbopack-core\sr
c\ident.rs:352:34:
byte index 22 is not 
a char boundary; it i
s inside '繝・ (bytes 2
1..24) of `OneDrive_繝
・せ繧ｯ繝医ャ繝誉campus-app__
next-internal_server_
app_(app)_dashboard_p
age_actions_3bc1ae17`

thread 'tokio-runtime
-worker' (31192) pani
cked at turbopack\cra
tes\turbopack-core\sr
c\ident.rs:352:34:
byte index 25 is not 
a char boundary; it i
s inside '繝・ (bytes 2
4..27) of `OneDrive_繝
・せ繧ｯ繝医ャ繝誉campus-app__
next-internal_server_
app_(app)_profile_[id
]_page_actions_d9aa90
4b`

thread 'tokio-runtime
-worker' (27512) pani
cked at turbopack\cra
tes\turbopack-core\sr
c\ident.rs:352:34:
byte index 22 is not 
a char boundary; it i
s inside '繝・ (bytes 2
1..24) of `OneDrive_繝
・せ繧ｯ繝医ャ繝誉campus-app__
next-internal_server_
app_(app)_news_[id]_p
age_actions_ab3bb97b`

thread 'tokio-runtime
-worker' (31192) pani
cked at turbopack\cra
tes\turbopack-core\sr
c\ident.rs:352:34:
byte index 17 is not 
a char boundary; it i
s inside '繧ｯ' (bytes 
15..18) of `OneDrive_
繝・せ繧ｯ繝医ャ繝誉campus-app_
_next-internal_server
_app_(app)_news_page_
actions_260d05a5`

thread 'tokio-runtime
-worker' (36092) pani
cked at turbopack\cra
tes\turbopack-core\sr
c\ident.rs:352:34:
byte index 26 is not 
a char boundary; it i
s inside '繝・ (bytes 2
4..27) of `OneDrive_繝
・せ繧ｯ繝医ャ繝誉campus-app__
next-internal_server_
app_(app)_projects_[i
d]_page_actions_1be79
301`

thread 'tokio-runtime
-worker' (33128) pani
cked at turbopack\cra
tes\turbopack-core\sr
c\ident.rs:352:34:
byte index 19 is not 
a char boundary; it i
s inside '繝・ (bytes 1
8..21) of `OneDrive_繝
・せ繧ｯ繝医ャ繝誉campus-app__
next-internal_server_
app_(auth)_login_page
_actions_81fc54c3`

thread 'tokio-runtime
-worker' (36092) pani
cked at turbopack\cra
tes\turbopack-core\sr
c\ident.rs:352:34:
byte index 23 is not 
a char boundary; it i
s inside '繝・ (bytes 2
1..24) of `OneDrive_繝
・せ繧ｯ繝医ャ繝誉campus-app__
next-internal_server_
app_(app)_rooms_[id]_
page_actions_7438ccb4
`

thread 'tokio-runtime
-worker' (33692) pani
cked at turbopack\cra
tes\turbopack-core\sr
c\ident.rs:352:34:
byte index 20 is not 
a char boundary; it i
s inside '繝・ (bytes 1
8..21) of `OneDrive_繝
・せ繧ｯ繝医ャ繝誉campus-app__
next-internal_server_
app_(auth)_signup_pag
e_actions_bef3dc4a`

thread 'tokio-runtime
-worker' (36092) pani
cked at turbopack\cra
tes\turbopack-core\sr
c\ident.rs:352:34:
byte index 17 is not 
a char boundary; it i
s inside '繧ｯ' (bytes 
15..18) of `OneDrive_
繝・せ繧ｯ繝医ャ繝誉campus-app_
_next-internal_server
_app_onboarding_page_
actions_f7ef155c`

-----
[1m[31mFATAL[39m[
0m: An unexpected Tur
bopack error occurred
. A panic log has bee
n written to C:\Users
\ryoda\AppData\Local\
Temp\next-panic-6a188
ae02ad2f2709550407a94
9b9e4e.log.

To help make Turbopac
k better, report this
 error by ]8;;https:
//github.com/vercel/n
ext.js/discussions/ne
w?category=turbopack-
error-report&title=Tu
rbopack%20Error%3A%20
reading%20file%20C%3A
%5CUsers%5Cryoda%5COn
eDrive%5C%E3%83%87%E3
%82%B9%E3%82%AF%E3%83
%88%E3%83%83%E3%83%97
%5Ccampus-app%5Cnode_
modules%5Cnext%5Cdist
%5Cesm%5Cserver%5Capp
-render%5Ccreate-erro
r-handler.js&body=Tur
bopack%20version%3A%2
0%60b1a04a84%60%0ANex
t.js%20version%3A%20%
600.0.0%60%0A%0AError
%20message%3A%0A%60%6
0%60%0Areading%20file
%20C%3A%5CUsers%5Cryo
da%5COneDrive%5C%E3%8
3%87%E3%82%B9%E3%82%A
F%E3%83%88%E3%83%83%E
3%83%97%5Ccampus-app%
5Cnode_modules%5Cnext
%5Cdist%5Cesm%5Cserve
r%5Capp-render%5Ccrea
te-error-handler.js%0
A%0ACaused%20by%3A%0A
-%20%E3%83%97%E3%83%A
D%E3%82%BB%E3%82%B9%E
3%81%AF%E3%83%95%E3%8
2%A1%E3%82%A4%E3%83%A
B%E3%81%AB%E3%82%A2%E
3%82%AF%E3%82%BB%E3%8
2%B9%E3%81%A7%E3%81%8
D%E3%81%BE%E3%81%9B%E
3%82%93%E3%80%82%E5%8
8%A5%E3%81%AE%E3%83%9
7%E3%83%AD%E3%82%BB%E
3%82%B9%E3%81%8C%E4%B
D%BF%E7%94%A8%E4%B8%A
D%E3%81%A7%E3%81%99%E
3%80%82%20%28os%20err
or%2032%29%0A%0ADebug
%20info%3A%0A-%20Exec
ution%20of%20get_all_
written_entrypoints_w
ith_issues_operation%
20failed%0A-%20Execut
ion%20of%20PlainIssue
%3A%3Afrom_issue%20fa
iled%0A-%20Execution%
20of%20PlainSource%3A
%3Afrom_source%20fail
ed%0A-%20Execution%20
of%20%3CFileSource%20
as%20Asset%3E%3A%3Aco
ntent%20failed%0A-%20
Execution%20of%20%3CD
iskFileSystem%20as%20
FileSystem%3E%3A%3Are
ad%20failed%0A-%20rea
ding%20file%20C%3A%5C
Users%5Cryoda%5COneDr
ive%5C%E3%83%87%E3%82
%B9%E3%82%AF%E3%83%88
%E3%83%83%E3%83%97%5C
campus-app%5Cnode_mod
ules%5Cnext%5Cdist%5C
esm%5Cserver%5Capp-re
nder%5Ccreate-error-h
andler.js%0A-%20%E3%8
3%97%E3%83%AD%E3%82%B
B%E3%82%B9%E3%81%AF%E
3%83%95%E3%82%A1%E3%8
2%A4%E3%83%AB%E3%81%A
B%E3%82%A2%E3%82%AF%E
3%82%BB%E3%82%B9%E3%8
1%A7%E3%81%8D%E3%81%B
E%E3%81%9B%E3%82%93%E
3%80%82%E5%88%A5%E3%8
1%AE%E3%83%97%E3%83%A
D%E3%82%BB%E3%82%B9%E
3%81%8C%E4%BD%BF%E7%9
4%A8%E4%B8%AD%E3%81%A
7%E3%81%99%E3%80%82%2
0%28os%20error%2032%2
9%0A%60%60%60&labels=
Turbopack,Turbopack%2
0Panic%20Backtrace\c
licking here.]8;;\
-----


> Build error occurre
d
Error [TurbopackInter
nalError]: reading fi
le C:\Users\ryoda\One
Drive\繝・せ繧ｯ繝医ャ繝予campu
s-app\node_modules\ne
xt\dist\esm\server\ap
p-render\create-error
-handler.js

Caused by:
- 繝励Ο繧ｻ繧ｹ縺ｯ繝輔ぃ繧､繝ｫ縺ｫ繧
｢繧ｯ繧ｻ繧ｹ縺ｧ縺阪∪縺帙ｓ縲ょ挨縺ｮ繝
励Ο繧ｻ繧ｹ縺御ｽｿ逕ｨ荳ｭ縺ｧ縺吶・(
os error 32)

Debug info:
- Execution of get_al
l_written_entrypoints
_with_issues_operatio
n failed
- Execution of PlainI
ssue::from_issue fail
ed
- Execution of PlainS
ource::from_source fa
iled
- Execution of <FileS
ource as Asset>::cont
ent failed
- Execution of <DiskF
ileSystem as FileSyst
em>::read failed
- reading file C:\Use
rs\ryoda\OneDrive\繝・せ
繧ｯ繝医ャ繝予campus-app\nod
e_modules\next\dist\e
sm\server\app-render\
create-error-handler.
js
- 繝励Ο繧ｻ繧ｹ縺ｯ繝輔ぃ繧､繝ｫ縺ｫ繧
｢繧ｯ繧ｻ繧ｹ縺ｧ縺阪∪縺帙ｓ縲ょ挨縺ｮ繝
励Ο繧ｻ繧ｹ縺御ｽｿ逕ｨ荳ｭ縺ｧ縺吶・(
os error 32)
    at ignore-listed 
frames {
  type: 'TurbopackInt
ernalError',
  location: undefined
}
